         3111841 function calls in 5.487 seconds

   Ordered by: cumulative time

   ncalls  tottime  percall  cumtime  percall filename:lineno(function)
        1    1.469    1.469    5.487    5.487 solve.py:91(main_map)
  1077017    2.891    0.000    2.898    0.000 {built-in method builtins.input}
   122270    0.806    0.000    0.806    0.000 {built-in method builtins.print}
   954746    0.242    0.000    0.314    0.000 solve.py:11(add_pocketbook)
   954746    0.072    0.000    0.072    0.000 {method 'append' of 'list' objects}
     1019    0.003    0.000    0.006    0.000 /usr/local/Cellar/python3/3.5.2_1/Frameworks/Python.framework/Versions/3.5/lib/python3.5/codecs.py:318(decode)
     1019    0.003    0.000    0.003    0.000 {built-in method _codecs.utf_8_decode}
     1019    0.001    0.000    0.001    0.000 /usr/local/Cellar/python3/3.5.2_1/Frameworks/Python.framework/Versions/3.5/lib/python3.5/codecs.py:330(getstate)
        1    0.000    0.000    0.000    0.000 solve.py:22(find_pocketbook)
        1    0.000    0.000    0.000    0.000 {method 'split' of 'str' objects}
        1    0.000    0.000    0.000    0.000 solve.py:7(create_pocketbook)
        1    0.000    0.000    0.000    0.000 {method 'disable' of '_lsprof.Profiler' objects}
